// Jest Snapshot v1, https://goo.gl/fbAQLP

exports[`reddits actions should create an action to fetch reddits 1`] = `
Object {
  "meta": Object {
    Symbol(API_REQUEST): true,
  },
  "payload": Object {
    "method": "GET",
    "url": "https://www.reddit.com/r/redux.json",
  },
  "type": "FETCH_REDDITS",
}
`;
